Estimated testing time 2m (12 benchmarks x 10s). Change using '-quota'.
┌─────────────────────────────────────────────────────┬─────────────────┬───────────────┬────────────┬───────────┬────────────┐
│ Name                                                │        Time/Run │       mWd/Run │   mjWd/Run │  Prom/Run │ Percentage │
├─────────────────────────────────────────────────────┼─────────────────┼───────────────┼────────────┼───────────┼────────────┤
│ hieroglyphs + blake2b ------ private key generation │     14_168.25ns │       610.86w │      0.12w │     0.12w │      0.04% │
│ hieroglyphs + blake2b ------ message signing        │  9_464_803.94ns │   638_898.85w │ 36_005.59w │ 2_214.59w │     26.54% │
│ hieroglyphs + blake2b ------ public key derivation  │ 17_062_757.26ns │ 1_297_597.15w │  1_485.40w │ 1_485.40w │     47.84% │
│ hieroglyphs + blake2b ------ signature verification │  9_770_490.21ns │   824_026.67w │  2_102.90w │ 2_102.90w │     27.40% │
│ rsa pss/sha256 1024 bits --- private key generation │ 35_665_150.48ns │       870.82w │      0.45w │     0.45w │    100.00% │
│ rsa pss/sha256 1024 bits --- public key derivation  │          9.92ns │         3.00w │            │           │            │
│ rsa pss/sha256 1024 bits --- message signing        │    714_195.12ns │     1_714.57w │      0.58w │     0.58w │      2.00% │
│ rsa pss/sha256 1024 bits --- signature verification │     81_259.61ns │     1_547.02w │      0.34w │     0.34w │      0.23% │
│ secp256k1 + sha256 hash ---- private key generation │     12_522.57ns │       355.72w │            │           │      0.04% │
│ secp256k1 + sha256 hash ---- public key derivation  │    201_243.30ns │        13.00w │            │           │      0.56% │
│ secp256k1 + sha256 hash ---- message signing        │    295_076.97ns │       230.00w │            │           │      0.83% │
│ secp256k1 + sha256 hash ---- signature verification │    332_174.62ns │       214.00w │            │           │      0.93% │
└─────────────────────────────────────────────────────┴─────────────────┴───────────────┴────────────┴───────────┴────────────┘
